../Drivers/CMSIS/Include/core_cm4.h:2059:26:ITM_SendChar	16	static,ignoring_inline_asm
../Core/Src/main.c:37:5:_write	32	static
../Core/Src/main.c:124:5:main	8	static
../Core/Src/main.c:210:6:SystemClock_Config	96	static
../Core/Src/main.c:260:13:MX_UART4_Init	8	static
../Core/Src/main.c:295:13:MX_USART2_UART_Init	8	static
../Core/Src/main.c:330:13:MX_GPIO_Init	16	static
../Core/Src/main.c:343:6:GPS_receive	16	static
../Core/Src/main.c:377:6:convertNMEATimeToIST	40	static
../Core/Src/main.c:401:6:parseGPGGA	56	static
../Core/Src/main.c:429:6:gpsData	56	static
../Core/Src/main.c:464:13:gpslocation_extraction	96	static
../Core/Src/main.c:498:6:gpsDataToJSON	80	static
../Core/Src/main.c:509:6:Error_Handler	4	static,ignoring_inline_asm
