../Core/Src/GSM_imp.c:20:5:gsm_init	24	static
../Core/Src/GSM_imp.c:324:5:my_check_server	8	static
../Core/Src/GSM_imp.c:349:5:check_server_connection	24	static
../Core/Src/GSM_imp.c:385:5:gsm_disconnect_to_server	16	static
../Core/Src/GSM_imp.c:410:5:check_signal	32	static
../Core/Src/GSM_imp.c:455:5:connect_tcp_server	24	static
../Core/Src/GSM_imp.c:600:5:check_REG_NETWORK	32	static
../Core/Src/GSM_imp.c:644:5:check_signal_quality	16	static
../Core/Src/GSM_imp.c:668:5:get_gsm_init	8	static
../Core/Src/GSM_imp.c:683:6:gsm_actual_server	16	static
../Core/Src/GSM_imp.c:701:7:send_to_gsm	16	static
../Core/Src/GSM_imp.c:711:5:send_mesg_to_server	40	static
