../Drivers/CMSIS/Include/core_cm4.h:2059:26:ITM_SendChar	16	static,ignoring_inline_asm
../Core/Src/main.c:29:5:_write	32	static
../Core/Src/main.c:115:6:Read_Flash	8	static
../Core/Src/main.c:141:5:main	16	static
../Core/Src/main.c:268:6:SystemClock_Config	96	static
../Core/Src/main.c:318:13:MX_SPI1_Init	8	static
../Core/Src/main.c:358:13:MX_UART4_Init	8	static
../Core/Src/main.c:393:13:MX_UART5_Init	8	static
../Core/Src/main.c:428:13:MX_USART1_UART_Init	8	static
../Core/Src/main.c:463:13:MX_USART3_UART_Init	8	static
../Core/Src/main.c:498:13:MX_GPIO_Init	40	static
../Core/Src/main.c:531:6:Error_Handler	4	static,ignoring_inline_asm
