../Core/Src/W25XX.c:30:6:W25Q_Delay	16	static
../Core/Src/W25XX.c:38:6:csLOW	8	static
../Core/Src/W25XX.c:46:6:csHIGH	8	static
../Core/Src/W25XX.c:54:6:SPI_Write	16	static
../Core/Src/W25XX.c:62:6:SPI_Read	16	static
../Core/Src/W25XX.c:72:6:W25Q_Reset	16	static
../Core/Src/W25XX.c:92:10:W25Q_ReadID	16	static
../Core/Src/W25XX.c:112:6:W25Q_Read	40	static
../Core/Src/W25XX.c:174:6:W25Q_FastRead	40	static
../Core/Src/W25XX.c:240:6:write_enable	16	static
../Core/Src/W25XX.c:256:6:write_disable	16	static
../Core/Src/W25XX.c:272:10:bytestowrite	16	static
../Core/Src/W25XX.c:282:10:bytestomodify	16	static
../Core/Src/W25XX.c:292:6:W25Q_Erase_Sector	32	static
../Core/Src/W25XX.c:351:6:W25Q_Write_Clean	344	static
../Core/Src/W25XX.c:480:6:W25Q_Write	4160	static
../Core/Src/W25XX.c:528:9:W25Q_Read_Byte	32	static
../Core/Src/W25XX.c:592:6:W25Q_Write_Byte	24	static
../Core/Src/W25XX.c:660:6:writeValueToFlash	16	static
../Core/Src/W25XX.c:670:10:readValueFromFlash	4	static
../Core/Src/W25XX.c:674:6:eraseFlashPage	40	static
