../Drivers/CMSIS/Include/core_cm4.h:2059:26:ITM_SendChar	16	static,ignoring_inline_asm
../Core/Src/main.c:28:5:_write	32	static
../Core/Src/main.c:111:5:get_gsm_init	8	static
../Core/Src/main.c:126:6:gsm_actual_server	16	static
../Core/Src/main.c:144:5:main	24	static
../Core/Src/main.c:292:6:SystemClock_Config	96	static
../Core/Src/main.c:342:13:MX_SPI1_Init	8	static
../Core/Src/main.c:382:13:MX_UART4_Init	8	static
../Core/Src/main.c:417:13:MX_UART5_Init	8	static
../Core/Src/main.c:452:13:MX_USART1_UART_Init	8	static
../Core/Src/main.c:487:13:MX_USART3_UART_Init	8	static
../Core/Src/main.c:522:13:MX_GPIO_Init	40	static
../Core/Src/main.c:555:6:Error_Handler	4	static,ignoring_inline_asm
