../Drivers/CMSIS/Include/core_cm4.h:2059:26:ITM_SendChar	16	static,ignoring_inline_asm
../Core/Src/main.c:24:5:_write	32	static
../Core/Src/main.c:151:5:main	24	static
../Core/Src/main.c:318:6:SystemClock_Config	96	static
../Core/Src/main.c:368:13:MX_UART4_Init	8	static
../Core/Src/main.c:403:13:MX_UART5_Init	8	static
../Core/Src/main.c:438:13:MX_USART1_UART_Init	8	static
../Core/Src/main.c:473:13:MX_USART2_UART_Init	8	static
../Core/Src/main.c:508:13:MX_USART3_UART_Init	8	static
../Core/Src/main.c:543:13:MX_GPIO_Init	24	static
../Core/Src/main.c:565:6:Error_Handler	4	static,ignoring_inline_asm
