../Drivers/CMSIS/Include/core_cm4.h:2059:26:ITM_SendChar	16	static,ignoring_inline_asm
../Core/Src/main.c:24:5:_write	32	static
../Core/Src/main.c:91:6:HAL_UART_TxCpltCallback	16	static
../Core/Src/main.c:95:7:send_to_gsm	16	static
../Core/Src/main.c:105:5:send_mesg_to_server	16	static
../Core/Src/main.c:174:5:main	24	static
../Core/Src/main.c:341:6:SystemClock_Config	96	static
../Core/Src/main.c:391:13:MX_UART4_Init	8	static
../Core/Src/main.c:426:13:MX_UART5_Init	8	static
../Core/Src/main.c:461:13:MX_USART1_UART_Init	8	static
../Core/Src/main.c:496:13:MX_USART2_UART_Init	8	static
../Core/Src/main.c:531:13:MX_USART3_UART_Init	8	static
../Core/Src/main.c:566:13:MX_GPIO_Init	24	static
../Core/Src/main.c:588:6:Error_Handler	4	static,ignoring_inline_asm
