../Drivers/CMSIS/Include/core_cm4.h:2059:26:ITM_SendChar	16	static,ignoring_inline_asm
../Core/Src/main.c:22:5:_write	32	static
../Core/Src/main.c:85:6:HAL_UART_TxCpltCallback	16	static
../Core/Src/main.c:99:5:main	8	static
../Core/Src/main.c:157:6:SystemClock_Config	96	static
../Core/Src/main.c:207:13:MX_UART4_Init	8	static
../Core/Src/main.c:242:13:MX_UART5_Init	8	static
../Core/Src/main.c:277:13:MX_USART1_UART_Init	8	static
../Core/Src/main.c:312:13:MX_USART2_UART_Init	8	static
../Core/Src/main.c:347:13:MX_USART3_UART_Init	8	static
../Core/Src/main.c:382:13:MX_GPIO_Init	24	static
../Core/Src/main.c:404:6:Error_Handler	4	static,ignoring_inline_asm
