../Drivers/CMSIS/Include/core_cm4.h:2059:26:ITM_SendChar	16	static,ignoring_inline_asm
../Core/Src/main.c:29:5:_write	32	static
../Core/Src/main.c:106:5:get_gsm_init	8	static
../Core/Src/main.c:121:6:gsm_actual_server	16	static
../Core/Src/main.c:139:5:main	48	static
../Core/Src/main.c:245:6:SystemClock_Config	96	static
../Core/Src/main.c:295:13:MX_UART4_Init	8	static
../Core/Src/main.c:330:13:MX_UART5_Init	8	static
../Core/Src/main.c:365:13:MX_USART1_UART_Init	8	static
../Core/Src/main.c:400:13:MX_USART2_UART_Init	8	static
../Core/Src/main.c:435:13:MX_USART3_UART_Init	8	static
../Core/Src/main.c:470:13:MX_GPIO_Init	24	static
../Core/Src/main.c:492:6:Error_Handler	4	static,ignoring_inline_asm
