../Drivers/CMSIS/Include/core_cm4.h:2059:26:ITM_SendChar	16	static,ignoring_inline_asm
../Core/Src/main.c:29:5:_write	32	static
../Core/Src/main.c:103:5:get_gsm_init	8	static
../Core/Src/main.c:121:6:gsm_actual_server	16	static
../Core/Src/main.c:138:5:main	32	static
../Core/Src/main.c:241:6:SystemClock_Config	96	static
../Core/Src/main.c:291:13:MX_UART4_Init	8	static
../Core/Src/main.c:326:13:MX_UART5_Init	8	static
../Core/Src/main.c:361:13:MX_USART1_UART_Init	8	static
../Core/Src/main.c:396:13:MX_USART2_UART_Init	8	static
../Core/Src/main.c:431:13:MX_USART3_UART_Init	8	static
../Core/Src/main.c:466:13:MX_GPIO_Init	24	static
../Core/Src/main.c:488:6:Error_Handler	4	static,ignoring_inline_asm
