../Drivers/CMSIS/Include/core_cm4.h:2059:26:ITM_SendChar	16	static,ignoring_inline_asm
../Core/Src/main.c:27:5:_write	32	static
../Core/Src/main.c:90:5:main	16	static
../Core/Src/main.c:141:6:SystemClock_Config	96	static
../Core/Src/main.c:191:13:MX_USART1_UART_Init	8	static
../Core/Src/main.c:224:13:MX_DMA_Init	16	static
../Core/Src/main.c:242:13:MX_GPIO_Init	40	static
../Core/Src/main.c:268:6:HAL_UART_RxxpltCallback	16	static
../Core/Src/main.c:274:6:get_location	16	static
../Core/Src/main.c:308:6:Format_data	128	static
../Core/Src/main.c:326:6:Error_Handler	4	static,ignoring_inline_asm
